******************************************************************************
                  TI ARM Linker PC v20.2.7                     
******************************************************************************
>> Linked Sun Apr  6 18:25:47 2025

OUTPUT FILE NAME:   <MAX7219-SPI.out>
ENTRY POINT SYMBOL: "_c_int00_noargs"  address: 000005fd


MEMORY CONFIGURATION

         name            origin    length      used     unused   attr    fill
----------------------  --------  ---------  --------  --------  ----  --------
  FLASH                 00000000   00040000  000008a6  0003f75a  R  X
  SRAM                  20000000   00008000  00000320  00007ce0  RW X


SEGMENT ALLOCATION MAP

run origin  load origin   length   init length attrs members
----------  ----------- ---------- ----------- ----- -------
00000000    00000000    000008ac   000008ac    r-x
  00000000    00000000    0000026c   0000026c    r-- .intvecs
  0000026c    0000026c    000003e6   000003e6    r-x .text
  00000652    00000652    00000190   00000190    r-- .const
  000007e8    000007e8    000000c4   000000c4    r-- .cinit
20000000    20000000    00000320   00000000    rw-
  20000000    20000000    00000200   00000000    rw- .stack
  20000200    20000200    00000120   00000000    rw- .data


SECTION ALLOCATION MAP

 output                                  attributes/
section   page    origin      length       input sections
--------  ----  ----------  ----------   ----------------
.intvecs   0    00000000    0000026c     
                  00000000    0000026c     tm4c123gh6pm_startup_ccs.obj (.intvecs)

.text      0    0000026c    000003e6     
                  0000026c    00000248     main.obj (.text)
                  000004b4    0000009c     rtsv7M4_T_le_v4SPD16_eabi.lib : memcpy_t2.asm.obj (.text)
                  00000550    00000068                                   : copy_decompress_lzss.c.obj (.text:decompress:lzss:__TI_decompress_lzss)
                  000005b8    00000044                                   : autoinit.c.obj (.text:__TI_auto_init_nobinit_nopinit:__TI_auto_init_nobinit_nopinit)
                  000005fc    00000034                                   : boot_cortex_m.c.obj (.text:_c_int00_noargs:_c_int00_noargs)
                  00000630    0000000e                                   : copy_decompress_none.c.obj (.text:decompress:none:__TI_decompress_none)
                  0000063e    0000000c     tm4c123gh6pm_startup_ccs.obj (.text)
                  0000064a    00000004     rtsv7M4_T_le_v4SPD16_eabi.lib : pre_init.c.obj (.text:_system_pre_init)
                  0000064e    00000004                                   : exit.c.obj (.text:abort:abort)

.const     0    00000652    00000190     
                  00000652    00000190     main.obj (.const:$P$T0$1)

.cinit     0    000007e8    000000c4     
                  000007e8    000000b3     (.cinit..data.load) [load image, compression = lzss]
                  0000089b    00000001     --HOLE-- [fill = 0]
                  0000089c    00000008     (__TI_handler_table)
                  000008a4    00000008     (__TI_cinit_table)

.init_array 
*          0    00000000    00000000     UNINITIALIZED

.data      0    20000200    00000120     UNINITIALIZED
                  20000200    00000120     main.obj (.data:font)

.stack     0    20000000    00000200     UNINITIALIZED
                  20000000    00000004     rtsv7M4_T_le_v4SPD16_eabi.lib : boot_cortex_m.c.obj (.stack)
                  20000004    000001fc     --HOLE--

__llvm_prf_cnts 
*          0    20000000    00000000     UNINITIALIZED

MODULE SUMMARY

       Module                         code   ro data   rw data
       ------                         ----   -------   -------
    .\
       main.obj                       584    400       288    
       tm4c123gh6pm_startup_ccs.obj   12     620       0      
    +--+------------------------------+------+---------+---------+
       Total:                         596    1020      288    
                                                              
    C:\ti\ccs1240\ccs\tools\compiler\ti-cgt-arm_20.2.7.LTS\lib\rtsv7M4_T_le_v4SPD16_eabi.lib
       memcpy_t2.asm.obj              156    0         0      
       copy_decompress_lzss.c.obj     104    0         0      
       autoinit.c.obj                 68     0         0      
       boot_cortex_m.c.obj            52     0         0      
       copy_decompress_none.c.obj     14     0         0      
       exit.c.obj                     4      0         0      
       pre_init.c.obj                 4      0         0      
    +--+------------------------------+------+---------+---------+
       Total:                         402    0         0      
                                                              
       Stack:                         0      0         512    
       Linker Generated:              0      195       0      
    +--+------------------------------+------+---------+---------+
       Grand Total:                   998    1215      800    


LINKER GENERATED COPY TABLES

__TI_cinit_table @ 000008a4 records: 1, size/record: 8, table size: 8
	.data: load addr=000007e8, load size=000000b3 bytes, run addr=20000200, run size=00000120 bytes, compression=lzss


LINKER GENERATED HANDLER TABLE

__TI_handler_table @ 0000089c records: 2, size/record: 4, table size: 8
	index: 0, handler: __TI_decompress_lzss
	index: 1, handler: __TI_decompress_none


GLOBAL SYMBOLS: SORTED ALPHABETICALLY BY Name 

address   name                          
-------   ----                          
0000064f  C$$EXIT                       
0000063f  ResetISR                      
000003d5  SSI3_init                     
0000039d  SSI3_write                    
20000200  __STACK_END                   
00000200  __STACK_SIZE                  
20000200  __STACK_TOP                   
000008a4  __TI_CINIT_Base               
000008ac  __TI_CINIT_Limit              
0000089c  __TI_Handler_Table_Base       
000008a4  __TI_Handler_Table_Limit      
000005b9  __TI_auto_init_nobinit_nopinit
00000551  __TI_decompress_lzss          
00000631  __TI_decompress_none          
ffffffff  __TI_pprof_out_hndl           
ffffffff  __TI_prof_data_size           
ffffffff  __TI_prof_data_start          
00000000  __TI_static_base__            
000004b5  __aeabi_memcpy                
000004b5  __aeabi_memcpy4               
000004b5  __aeabi_memcpy8               
ffffffff  __binit__                     
ffffffff  __c_args__                    
UNDEFED   __mpu_init                    
20000000  __stack                       
20000000  __start___llvm_prf_cnts       
20000000  __stop___llvm_prf_cnts        
000005fd  _c_int00_noargs               
UNDEFED   _system_post_cinit            
0000064b  _system_pre_init              
0000064f  abort                         
ffffffff  binit                         
000002b1  display_init                  
0000030b  display_write                 
20000200  font                          
00000000  g_pfnVectors                  
0000043b  init_port                     
0000026d  main                          
000004b5  memcpy                        


GLOBAL SYMBOLS: SORTED BY Symbol Address 

address   name                          
-------   ----                          
00000000  __TI_static_base__            
00000000  g_pfnVectors                  
00000200  __STACK_SIZE                  
0000026d  main                          
000002b1  display_init                  
0000030b  display_write                 
0000039d  SSI3_write                    
000003d5  SSI3_init                     
0000043b  init_port                     
000004b5  __aeabi_memcpy                
000004b5  __aeabi_memcpy4               
000004b5  __aeabi_memcpy8               
000004b5  memcpy                        
00000551  __TI_decompress_lzss          
000005b9  __TI_auto_init_nobinit_nopinit
000005fd  _c_int00_noargs               
00000631  __TI_decompress_none          
0000063f  ResetISR                      
0000064b  _system_pre_init              
0000064f  C$$EXIT                       
0000064f  abort                         
0000089c  __TI_Handler_Table_Base       
000008a4  __TI_CINIT_Base               
000008a4  __TI_Handler_Table_Limit      
000008ac  __TI_CINIT_Limit              
20000000  __stack                       
20000000  __start___llvm_prf_cnts       
20000000  __stop___llvm_prf_cnts        
20000200  __STACK_END                   
20000200  __STACK_TOP                   
20000200  font                          
ffffffff  __TI_pprof_out_hndl           
ffffffff  __TI_prof_data_size           
ffffffff  __TI_prof_data_start          
ffffffff  __binit__                     
ffffffff  __c_args__                    
ffffffff  binit                         
UNDEFED   __mpu_init                    
UNDEFED   _system_post_cinit            

[39 symbols]
